// Jest Snapshot v1, https://goo.gl/fbAQLP

exports[`<Attendant /> renders component correctly when data is loaded 1`] = `
<div>
  <div
    data-testid="attendant"
  >
    <br />
    Name: 
    <span
      class="attendants-info"
    >
      John
       
    </span>
    Last Name: 
    <span
      class="attendants-info"
    >
      Doe
       
    </span>
    Job Title: 
    <span
      class="attendants-info"
    >
      Engineer
       
    </span>
    Age: 
    <span
      class="attendants-info"
    >
      40
       
    </span>
    <br />
  </div>
</div>
`;
